[    0.000000] Linux version 4.15.0-151-generic (buildd@lgw01-amd64-042) (gcc version 7.5.0 (Ubuntu 7.5.0-3ubuntu1~18.04)) #157-Ubuntu SMP Fri Jul 9 23:07:57 UTC 2021 (Ubuntu 4.15.0-151.157-generic 4.15.18)
[    0.000000] Command line: BOOT_IMAGE=/boot/vmlinuz-4.15.0-151-generic root=LABEL=cloudimg-rootfs ro console=tty1 console=ttyS0
[    0.000000] KERNEL supported cpus:
[    0.000000]   Intel GenuineIntel
[    0.000000]   AMD AuthenticAMD
[    0.000000]   Centaur CentaurHauls
[    0.000000] x86/fpu: Supporting XSAVE feature 0x001: 'x87 floating point registers'
[    0.000000] x86/fpu: Supporting XSAVE feature 0x002: 'SSE registers'
[    0.000000] x86/fpu: Supporting XSAVE feature 0x004: 'AVX registers'
[    0.000000] x86/fpu: xstate_offset[2]:  576, xstate_sizes[2]:  256
[    0.000000] x86/fpu: Enabled xstate features 0x7, context size is 832 bytes, using 'standard' format.
[    0.000000] e820: BIOS-provided physical RAM map:
[    0.000000] BIOS-e820: [mem 0x0000000000000000-0x000000000009fbff] usable
[    0.000000] BIOS-e820: [mem 0x000000000009fc00-0x000000000009ffff] reserved
[    0.000000] BIOS-e820: [mem 0x00000000000f0000-0x00000000000fffff] reserved
[    0.000000] BIOS-e820: [mem 0x0000000000100000-0x000000003ffeffff] usable
[    0.000000] BIOS-e820: [mem 0x000000003fff0000-0x000000003fffffff] ACPI data
[    0.000000] BIOS-e820: [mem 0x00000000fec00000-0x00000000fec00fff] reserved
[    0.000000] BIOS-e820: [mem 0x00000000fee00000-0x00000000fee00fff] reserved
[    0.000000] BIOS-e820: [mem 0x00000000fffc0000-0x00000000ffffffff] reserved
[    0.000000] NX (Execute Disable) protection: active
[    0.000000] SMBIOS 2.5 present.
[    0.000000] DMI: innotek GmbH VirtualBox/VirtualBox, BIOS VirtualBox 12/01/2006
[    0.000000] Hypervisor detected: KVM
[    0.000000] e820: last_pfn = 0x3fff0 max_arch_pfn = 0x400000000
[    0.000000] MTRR: Disabled
[    0.000000] x86/PAT: MTRRs disabled, skipping PAT initialization too.
[    0.000000] CPU MTRRs all blank - virtualized system.
[    0.000000] x86/PAT: Configuration [0-7]: WB  WT  UC- UC  WB  WT  UC- UC  
[    0.000000] found SMP MP-table at [mem 0x0009fff0-0x0009ffff]
[    0.000000] Scanning 1 areas for low memory corruption
[    0.000000] RAMDISK: [mem 0x359d1000-0x36cdffff]
[    0.000000] ACPI: Early table checksum verification disabled
[    0.000000] ACPI: RSDP 0x00000000000E0000 000024 (v02 VBOX  )
[    0.000000] ACPI: XSDT 0x000000003FFF0030 00003C (v01 VBOX   VBOXXSDT 00000001 ASL  00000061)
[    0.000000] ACPI: FACP 0x000000003FFF00F0 0000F4 (v04 VBOX   VBOXFACP 00000001 ASL  00000061)
[    0.000000] ACPI: DSDT 0x000000003FFF0470 002325 (v02 VBOX   VBOXBIOS 00000002 INTL 20100528)
[    0.000000] ACPI: FACS 0x000000003FFF0200 000040
[    0.000000] ACPI: FACS 0x000000003FFF0200 000040
[    0.000000] ACPI: APIC 0x000000003FFF0240 00005C (v02 VBOX   VBOXAPIC 00000001 ASL  00000061)
[    0.000000] ACPI: SSDT 0x000000003FFF02A0 0001CC (v01 VBOX   VBOXCPUT 00000002 INTL 20100528)
[    0.000000] ACPI: Reserving FACP table memory at [mem 0x3fff00f0-0x3fff01e3]
[    0.000000] ACPI: Reserving DSDT table memory at [mem 0x3fff0470-0x3fff2794]
[    0.000000] ACPI: Reserving FACS table memory at [mem 0x3fff0200-0x3fff023f]
[    0.000000] ACPI: Reserving FACS table memory at [mem 0x3fff0200-0x3fff023f]
[    0.000000] ACPI: Reserving APIC table memory at [mem 0x3fff0240-0x3fff029b]
[    0.000000] ACPI: Reserving SSDT table memory at [mem 0x3fff02a0-0x3fff046b]
[    0.000000] No NUMA configuration found
[    0.000000] Faking a node at [mem 0x0000000000000000-0x000000003ffeffff]
[    0.000000] NODE_DATA(0) allocated [mem 0x3ffc5000-0x3ffeffff]
[    0.000000] kvm-clock: cpu 0, msr 0:3ff44001, primary cpu clock
[    0.000000] kvm-clock: Using msrs 4b564d01 and 4b564d00
[    0.000000] kvm-clock: using sched offset of 8442819865 cycles
[    0.000000] clocksource: kvm-clock: mask: 0xffffffffffffffff max_cycles: 0x1cd42e4dffb, max_idle_ns: 881590591483 ns
[    0.000000] Zone ranges:
[    0.000000]   DMA      [mem 0x0000000000001000-0x0000000000ffffff]
[    0.000000]   DMA32    [mem 0x0000000001000000-0x000000003ffeffff]
[    0.000000]   Normal   empty
[    0.000000]   Device   empty
[    0.000000] Movable zone start for each node
[    0.000000] Early memory node ranges
[    0.000000]   node   0: [mem 0x0000000000001000-0x000000000009efff]
[    0.000000]   node   0: [mem 0x0000000000100000-0x000000003ffeffff]
[    0.000000] Reserved but unavailable: 104 pages
[    0.000000] Initmem setup node 0 [mem 0x0000000000001000-0x000000003ffeffff]
[    0.000000] ACPI: PM-Timer IO Port: 0x4008
[    0.000000] IOAPIC[0]: apic_id 2, version 32, address 0xfec00000, GSI 0-23
[    0.000000] ACPI: INT_SRC_OVR (bus 0 bus_irq 0 global_irq 2 dfl dfl)
[    0.000000] ACPI: INT_SRC_OVR (bus 0 bus_irq 9 global_irq 9 low level)
[    0.000000] Using ACPI (MADT) for SMP configuration information
[    0.000000] smpboot: Allowing 2 CPUs, 0 hotplug CPUs
[    0.000000] PM: Registered nosave memory: [mem 0x00000000-0x00000fff]
[    0.000000] PM: Registered nosave memory: [mem 0x0009f000-0x0009ffff]
[    0.000000] PM: Registered nosave memory: [mem 0x000a0000-0x000effff]
[    0.000000] PM: Registered nosave memory: [mem 0x000f0000-0x000fffff]
[    0.000000] e820: [mem 0x40000000-0xfebfffff] available for PCI devices
[    0.000000] Booting paravirtualized kernel on KVM
[    0.000000] clocksource: refined-jiffies: mask: 0xffffffff max_cycles: 0xffffffff, max_idle_ns: 7645519600211568 ns
[    0.000000] random: get_random_bytes called from start_kernel+0x99/0x500 with crng_init=0
[    0.000000] setup_percpu: NR_CPUS:8192 nr_cpumask_bits:2 nr_cpu_ids:2 nr_node_ids:1
[    0.000000] percpu: Embedded 45 pages/cpu s147456 r8192 d28672 u1048576
[    0.000000] PV qspinlock hash table entries: 256 (order: 0, 4096 bytes)
[    0.000000] Built 1 zonelists, mobility grouping on.  Total pages: 257913
[    0.000000] Policy zone: DMA32
[    0.000000] Kernel command line: BOOT_IMAGE=/boot/vmlinuz-4.15.0-151-generic root=LABEL=cloudimg-rootfs ro console=tty1 console=ttyS0
[    0.000000] Memory: 982720K/1048120K available (12300K kernel code, 2483K rwdata, 4320K rodata, 2448K init, 2724K bss, 65400K reserved, 0K cma-reserved)
[    0.000000] SLUB: HWalign=64, Order=0-3, MinObjects=0, CPUs=2, Nodes=1
[    0.000000] Kernel/User page tables isolation: enabled
[    0.000000] ftrace: allocating 39460 entries in 155 pages
[    0.004000] Hierarchical RCU implementation.
[    0.004000] 	RCU restricting CPUs from NR_CPUS=8192 to nr_cpu_ids=2.
[    0.004000] 	Tasks RCU enabled.
[    0.004000] RCU: Adjusting geometry for rcu_fanout_leaf=16, nr_cpu_ids=2
[    0.004000] NR_IRQS: 524544, nr_irqs: 440, preallocated irqs: 16
[    0.004000] Console: colour VGA+ 80x25
[    0.004000] console [tty1] enabled
[    0.004000] console [ttyS0] enabled
[    0.004000] ACPI: Core revision 20170831
[    0.004000] ACPI: 2 ACPI AML tables successfully acquired and loaded
[    0.004000] APIC: Switch to symmetric I/O mode setup
[    0.004000] x2apic enabled
[    0.004000] Switched APIC routing to physical x2apic.
[    0.004000] ..TIMER: vector=0x30 apic1=0 pin1=2 apic2=-1 pin2=-1
[    0.004004] tsc: Detected 2208.002 MHz processor
[    0.008008] Calibrating delay loop (skipped) preset value.. 4416.00 BogoMIPS (lpj=8832008)
[    0.009637] pid_max: default: 32768 minimum: 301
[    0.010728] Security Framework initialized
[    0.011572] Yama: becoming mindful.
[    0.012021] AppArmor: AppArmor initialized
[    0.015198] Dentry cache hash table entries: 131072 (order: 8, 1048576 bytes)
[    0.016069] Inode-cache hash table entries: 65536 (order: 7, 524288 bytes)
[    0.017585] Mount-cache hash table entries: 2048 (order: 2, 16384 bytes)
[    0.019059] Mountpoint-cache hash table entries: 2048 (order: 2, 16384 bytes)
[    0.020278] Last level iTLB entries: 4KB 64, 2MB 8, 4MB 8
[    0.021519] Last level dTLB entries: 4KB 64, 2MB 0, 4MB 0, 1GB 4
[    0.022799] Spectre V1 : Mitigation: usercopy/swapgs barriers and __user pointer sanitization
[    0.024002] Spectre V2 : Mitigation: Full generic retpoline
[    0.025223] Spectre V2 : Spectre v2 / SpectreRSB mitigation: Filling RSB on context switch
[    0.028002] Speculative Store Bypass: Vulnerable
[    0.029052] SRBDS: Unknown: Dependent on hypervisor status
[    0.030222] MDS: Mitigation: Clear CPU buffers
[    0.031391] Freeing SMP alternatives memory: 36K
[    0.143633] smpboot: CPU0: Intel(R) Core(TM) i3-8130U CPU @ 2.20GHz (family: 0x6, model: 0x8e, stepping: 0xa)
[    0.144000] Performance Events: unsupported p6 CPU model 142 no PMU driver, software events only.
[    0.144000] Hierarchical SRCU implementation.
[    0.144539] NMI watchdog: Perf event create on CPU 0 failed with -2
[    0.146215] NMI watchdog: Perf NMI watchdog permanently disabled
[    0.148015] smp: Bringing up secondary CPUs ...
[    0.149131] x86: Booting SMP configuration:
[    0.150126] .... node  #0, CPUs:      #1
[    0.004000] kvm-clock: cpu 1, msr 0:3ff44041, secondary cpu clock
[    0.156017] smp: Brought up 1 node, 2 CPUs
[    0.156943] smpboot: Max logical packages: 1
[    0.157934] smpboot: Total of 2 processors activated (8832.00 BogoMIPS)
[    0.159297] devtmpfs: initialized
[    0.160059] x86/mm: Memory block size: 128MB
[    0.161122] evm: security.selinux
[    0.161959] evm: security.SMACK64
[    0.162688] evm: security.SMACK64EXEC
[    0.163453] evm: security.SMACK64TRANSMUTE
[    0.164002] evm: security.SMACK64MMAP
[    0.164763] evm: security.apparmor
[    0.165492] evm: security.ima
[    0.166135] evm: security.capability
[    0.166918] clocksource: jiffies: mask: 0xffffffff max_cycles: 0xffffffff, max_idle_ns: 7645041785100000 ns
[    0.168008] futex hash table entries: 512 (order: 3, 32768 bytes)
[    0.169295] pinctrl core: initialized pinctrl subsystem
[    0.172136] RTC time:  4:40:53, date: 08/25/21
[    0.173354] NET: Registered protocol family 16
[    0.176088] audit: initializing netlink subsys (disabled)
[    0.177312] audit: type=2000 audit(1629866463.891:1): state=initialized audit_enabled=0 res=1
[    0.177920] cpuidle: using governor ladder
[    0.180011] cpuidle: using governor menu
[    0.180993] ACPI: bus type PCI registered
[    0.181933] acpiphp: ACPI Hot Plug PCI Controller Driver version: 0.5
[    0.184099] PCI: Using configuration type 1 for base access
[    0.185357] HugeTLB registered 2.00 MiB page size, pre-allocated 0 pages
[    0.188059] ACPI: Added _OSI(Module Device)
[    0.188986] ACPI: Added _OSI(Processor Device)
[    0.189988] ACPI: Added _OSI(3.0 _SCP Extensions)
[    0.191037] ACPI: Added _OSI(Processor Aggregator Device)
[    0.192004] ACPI: Added _OSI(Linux-Dell-Video)
[    0.193326] ACPI: Added _OSI(Linux-Lenovo-NV-HDMI-Audio)
[    0.194617] ACPI: Added _OSI(Linux-HPI-Hybrid-Graphics)
[    0.196319] ACPI: Executed 1 blocks of module-level executable AML code
[    0.202929] ACPI: Interpreter enabled
[    0.203838] ACPI: (supports S0 S5)
[    0.204003] ACPI: Using IOAPIC for interrupt routing
[    0.205490] PCI: Using host bridge windows from ACPI; if necessary, use "pci=nocrs" and report a bug
[    0.208187] ACPI: Enabled 2 GPEs in block 00 to 07
[    0.216394] ACPI: PCI Root Bridge [PCI0] (domain 0000 [bus 00-ff])
[    0.217801] acpi PNP0A03:00: _OSC: OS supports [ASPM ClockPM Segments MSI]
[    0.219918] acpi PNP0A03:00: _OSC: not requesting OS control; OS requires [ExtendedConfig ASPM ClockPM MSI]
[    0.220016] acpi PNP0A03:00: fail to add MMCONFIG information, can't access extended PCI configuration space under this bridge.
[    0.224435] PCI host bridge to bus 0000:00
[    0.225400] pci_bus 0000:00: root bus resource [io  0x0000-0x0cf7 window]
[    0.228003] pci_bus 0000:00: root bus resource [io  0x0d00-0xffff window]
[    0.229812] pci_bus 0000:00: root bus resource [mem 0x000a0000-0x000bffff window]
[    0.232003] pci_bus 0000:00: root bus resource [mem 0x40000000-0xfdffffff window]
[    0.233855] pci_bus 0000:00: root bus resource [bus 00-ff]
[    0.238417] pci 0000:00:01.1: legacy IDE quirk: reg 0x10: [io  0x01f0-0x01f7]
[    0.240003] pci 0000:00:01.1: legacy IDE quirk: reg 0x14: [io  0x03f6]
[    0.241350] pci 0000:00:01.1: legacy IDE quirk: reg 0x18: [io  0x0170-0x0177]
[    0.242840] pci 0000:00:01.1: legacy IDE quirk: reg 0x1c: [io  0x0376]
[    0.262277] pci 0000:00:07.0: quirk: [io  0x4000-0x403f] claimed by PIIX4 ACPI
[    0.264017] pci 0000:00:07.0: quirk: [io  0x4100-0x410f] claimed by PIIX4 SMB
[    0.272309] ACPI: PCI Interrupt Link [LNKA] (IRQs 5 9 10 *11)
[    0.273970] ACPI: PCI Interrupt Link [LNKB] (IRQs 5 9 *10 11)
[    0.275409] ACPI: PCI Interrupt Link [LNKC] (IRQs 5 *9 10 11)
[    0.276136] ACPI: PCI Interrupt Link [LNKD] (IRQs 5 9 10 *11)
[    0.277601] SCSI subsystem initialized
[    0.278557] pci 0000:00:02.0: vgaarb: setting as boot VGA device
[    0.278557] pci 0000:00:02.0: vgaarb: VGA device added: decodes=io+mem,owns=io+mem,locks=none
[    0.280013] pci 0000:00:02.0: vgaarb: bridge control possible
[    0.281224] vgaarb: loaded
[    0.284020] ACPI: bus type USB registered
[    0.284940] usbcore: registered new interface driver usbfs
[    0.286101] usbcore: registered new interface driver hub
[    0.287273] usbcore: registered new device driver usb
[    0.288042] EDAC MC: Ver: 3.0.0
[    0.289004] PCI: Using ACPI for IRQ routing
[    0.289215] NetLabel: Initializing
[    0.292021] NetLabel:  domain hash size = 128
[    0.292958] NetLabel:  protocols = UNLABELED CIPSOv4 CALIPSO
[    0.294139] NetLabel:  unlabeled traffic allowed by default
[    0.296008] clocksource: Switched to clocksource kvm-clock
[    0.313510] VFS: Disk quotas dquot_6.6.0
[    0.314479] VFS: Dquot-cache hash table entries: 512 (order 0, 4096 bytes)
[    0.316039] AppArmor: AppArmor Filesystem Enabled
[    0.317118] pnp: PnP ACPI init
[    0.318998] pnp: PnP ACPI: found 3 devices
[    0.328563] clocksource: acpi_pm: mask: 0xffffff max_cycles: 0xffffff, max_idle_ns: 2085701024 ns
[    0.330604] NET: Registered protocol family 2
[    0.331732] TCP established hash table entries: 8192 (order: 4, 65536 bytes)
[    0.333487] TCP bind hash table entries: 8192 (order: 5, 131072 bytes)
[    0.337879] TCP: Hash tables configured (established 8192 bind 8192)
[    0.339681] UDP hash table entries: 512 (order: 2, 16384 bytes)
[    0.341390] UDP-Lite hash table entries: 512 (order: 2, 16384 bytes)
[    0.343197] NET: Registered protocol family 1
[    0.344185] pci 0000:00:00.0: Limiting direct PCI/PCI transfers
[    0.345428] pci 0000:00:01.0: Activating ISA DMA hang workarounds
[    0.346696] pci 0000:00:02.0: Video device with shadowed ROM at [mem 0x000c0000-0x000dffff]
[    0.349038] Unpacking initramfs...
[    0.660776] Freeing initrd memory: 19516K
[    0.662135] clocksource: tsc: mask: 0xffffffffffffffff max_cycles: 0x1fd3ba1610f, max_idle_ns: 440795284337 ns
[    0.665390] platform rtc_cmos: registered platform RTC device (no PNP device found)
[    0.667855] Scanning for low memory corruption every 60 seconds
[    0.670264] Initialise system trusted keyrings
[    0.671736] Key type blacklist registered
[    0.673299] workingset: timestamp_bits=36 max_order=18 bucket_order=0
[    0.677088] zbud: loaded
[    0.678756] squashfs: version 4.0 (2009/01/31) Phillip Lougher
[    0.680884] fuse init (API version 7.26)
[    0.683909] Key type asymmetric registered
[    0.685262] Asymmetric key parser 'x509' registered
[    0.686985] Block layer SCSI generic (bsg) driver version 0.4 loaded (major 246)
[    0.689517] io scheduler noop registered
[    0.690564] io scheduler deadline registered
[    0.691832] io scheduler cfq registered (default)
[    0.693237] ACPI: AC Adapter [AC] (on-line)
[    0.695174] input: Power Button as /devices/LNXSYSTM:00/LNXPWRBN:00/input/input0
[    0.699188] ACPI: Power Button [PWRF]
[    0.701345] input: Sleep Button as /devices/LNXSYSTM:00/LNXSLPBN:00/input/input1
[    0.703869] ACPI: Sleep Button [SLPF]
[    0.705907] Serial: 8250/16550 driver, 32 ports, IRQ sharing enabled
[    0.728645] 00:02: ttyS0 at I/O 0x3f8 (irq = 4, base_baud = 115200) is a 16550A
[    0.733727] Linux agpgart interface v0.103
[    0.736638] loop: module loaded
[    0.738273] scsi host0: ata_piix
[    0.739477] scsi host1: ata_piix
[    0.740194] ata1: PATA max UDMA/33 cmd 0x1f0 ctl 0x3f6 bmdma 0xd000 irq 14
[    0.741904] ata2: PATA max UDMA/33 cmd 0x170 ctl 0x376 bmdma 0xd008 irq 15
[    0.744198] libphy: Fixed MDIO Bus: probed
[    0.745326] tun: Universal TUN/TAP device driver, 1.6
[    0.747238] PPP generic driver version 2.4.2
[    0.748789] ehci_hcd: USB 2.0 'Enhanced' Host Controller (EHCI) Driver
[    0.750561] ehci-pci: EHCI PCI platform driver
[    0.751632] ehci-platform: EHCI generic platform driver
[    0.752847] ohci_hcd: USB 1.1 'Open' Host Controller (OHCI) Driver
[    0.754132] ohci-pci: OHCI PCI platform driver
[    0.755330] ohci-platform: OHCI generic platform driver
[    0.756893] uhci_hcd: USB Universal Host Controller Interface driver
[    0.758722] i8042: PNP: PS/2 Controller [PNP0303:PS2K,PNP0f03:PS2M] at 0x60,0x64 irq 1,12
[    0.762061] serio: i8042 KBD port at 0x60,0x64 irq 1
[    0.763261] serio: i8042 AUX port at 0x60,0x64 irq 12
[    0.764511] mousedev: PS/2 mouse device common for all mice
[    0.766182] input: AT Translated Set 2 keyboard as /devices/platform/i8042/serio0/input/input2
[    0.768153] rtc_cmos rtc_cmos: rtc core: registered rtc_cmos as rtc0
[    0.769453] rtc_cmos rtc_cmos: alarms up to one day, 114 bytes nvram
[    0.770701] i2c /dev entries driver
[    0.771484] device-mapper: uevent: version 1.0.3
[    0.772565] device-mapper: ioctl: 4.37.0-ioctl (2017-09-20) initialised: dm-devel@redhat.com
[    0.774294] ledtrig-cpu: registered to indicate activity on CPUs
[    0.775731] NET: Registered protocol family 10
[    0.779584] Segment Routing with IPv6
[    0.780448] NET: Registered protocol family 17
[    0.781411] Key type dns_resolver registered
[    0.782463] mce: Using 0 MCE banks
[    0.783203] RAS: Correctable Errors collector initialized.
[    0.784354] sched_clock: Marking stable (784340190, 0)->(997287270, -212947080)
[    0.786169] registered taskstats version 1
[    0.787042] Loading compiled-in X.509 certificates
[    0.790059] Loaded X.509 cert 'Build time autogenerated kernel key: f57eddc348b36f7d35fd4232c73b07389449520d'
[    0.792556] Loaded X.509 cert 'Canonical Ltd. Live Patch Signing: 14df34d1a87cf37625abec039ef2bf521249b969'
[    0.794964] Loaded X.509 cert 'Canonical Ltd. Kernel Module Signing: 88f752e560a1e0737e31163a466ad7b70a850c19'
[    0.797006] zswap: loaded using pool lzo/zbud
[    0.800677] Key type big_key registered
[    0.801738] Key type trusted registered
[    0.804386] Key type encrypted registered
[    0.805251] AppArmor: AppArmor sha1 policy hashing enabled
[    0.806376] ima: No TPM chip found, activating TPM-bypass! (rc=-19)
[    0.807935] ima: Allocated hash algorithm: sha1
[    0.809159] evm: HMAC attrs: 0x1
[    0.810491]   Magic number: 1:446:667
[    0.811565] rtc_cmos rtc_cmos: setting system clock to 2021-08-25 04:40:54 UTC (1629866454)
[    0.813608] BIOS EDD facility v0.16 2004-Jun-25, 0 devices found
[    0.814807] EDD information not available.
[    0.930768] Freeing unused kernel image memory: 2448K
[    1.150886] Write protecting the kernel read-only data: 20480k
[    1.157096] Freeing unused kernel image memory: 2008K
[    1.161524] Freeing unused kernel image memory: 1824K
[    1.182071] x86/mm: Checked W+X mappings: passed, no W+X pages found.
[    1.183945] x86/mm: Checking user space page tables
[    1.193945] x86/mm: Checked W+X mappings: passed, no W+X pages found.
Loading, please wait...
starting version 237
[    1.267140] Fusion MPT base driver 3.04.20
[    1.268530] Copyright (c) 1999-2008 LSI Corporation
[    1.293380] e1000: Intel(R) PRO/1000 Network Driver - version 7.3.21-k8-NAPI
[    1.295649] e1000: Copyright (c) 1999-2006 Intel Corporation.
[    1.300546] AVX2 version of gcm_enc/dec engaged.
[    1.302518] AES CTR mode by8 optimization enabled
[    1.306541] Fusion MPT SPI Host driver 3.04.20
[    1.315324] mptbase: ioc0: Initiating bringup
[    1.492560] input: ImExPS/2 Generic Explorer Mouse as /devices/platform/i8042/serio1/input/input4
[    1.540988] ioc0: LSI53C1030 A0: Capabilities={Initiator}
[    1.801468] scsi host2: ioc0: LSI53C1030 A0, FwRev=00000000h, Ports=1, MaxQ=256, IRQ=20
[    1.974592] scsi 2:0:0:0: Direct-Access     VBOX     HARDDISK         1.0  PQ: 0 ANSI: 5
[    2.296727] scsi target2:0:0: Beginning Domain Validation
[    2.308854] scsi target2:0:0: Domain Validation skipping write tests
[    2.312890] scsi target2:0:0: Ending Domain Validation
[    2.316177] scsi target2:0:0: asynchronous
[    2.318942] scsi 2:0:1:0: Direct-Access     VBOX     HARDDISK         1.0  PQ: 0 ANSI: 5
[    2.620834] scsi target2:0:1: Beginning Domain Validation
[    2.624620] random: fast init done
[    2.625794] scsi target2:0:1: Domain Validation skipping write tests
[    2.627600] scsi target2:0:1: Ending Domain Validation
[    2.628983] scsi target2:0:1: asynchronous
[    2.634192] random: systemd-udevd: uninitialized urandom read (16 bytes read)
[    2.635628] random: systemd-udevd: uninitialized urandom read (16 bytes read)
[    2.637082] random: systemd-udevd: uninitialized urandom read (16 bytes read)
[    2.638665] sd 2:0:0:0: Attached scsi generic sg0 type 0
[    2.638828] sd 2:0:0:0: [sda] 83886080 512-byte logical blocks: (42.9 GB/40.0 GiB)
[    2.641072] sd 2:0:1:0: Attached scsi generic sg1 type 0
[    2.642602] sd 2:0:0:0: [sda] Write Protect is off
[    2.645267] sd 2:0:1:0: [sdb] 20480 512-byte logical blocks: (10.5 MB/10.0 MiB)
[    2.645307] sd 2:0:0:0: [sda] Incomplete mode parameter data
[    2.649957] sd 2:0:0:0: [sda] Assuming drive cache: write through
[    2.649972] sd 2:0:1:0: [sdb] Write Protect is off
[    2.653032] sd 2:0:1:0: [sdb] Incomplete mode parameter data
[    2.654239] sd 2:0:1:0: [sdb] Assuming drive cache: write through
[    2.665867] e1000 0000:00:03.0 eth0: (PCI:33MHz:32-bit) 02:25:dc:f2:e3:81
[    2.667328] e1000 0000:00:03.0 eth0: Intel(R) PRO/1000 Network Connection
[    2.669941] e1000 0000:00:03.0 enp0s3: renamed from eth0
[    2.704558]  sda: sda1
[    2.706664] sd 2:0:0:0: [sda] Attached SCSI disk
[    2.708301] sd 2:0:1:0: [sdb] Attached SCSI disk
Begin: Loading essential drivers ... [    4.460083] raid6: sse2x1   gen() 11251 MB/s
[    4.508068] raid6: sse2x1   xor()  8402 MB/s
[    4.556061] raid6: sse2x2   gen() 12911 MB/s
[    4.604066] raid6: sse2x2   xor()  9059 MB/s
[    4.652084] raid6: sse2x4   gen() 13648 MB/s
[    4.700062] raid6: sse2x4   xor()  9597 MB/s
[    4.748073] raid6: avx2x1   gen() 22811 MB/s
[    4.796066] raid6: avx2x1   xor() 16055 MB/s
[    4.844111] raid6: avx2x2   gen() 26939 MB/s
[    4.892068] raid6: avx2x2   xor() 17520 MB/s
[    4.940035] raid6: avx2x4   gen() 32005 MB/s
[    4.988035] raid6: avx2x4   xor() 19348 MB/s
[    4.989056] raid6: using algorithm avx2x4 gen() 32005 MB/s
[    4.990228] raid6: .... xor() 19348 MB/s, rmw enabled
[    4.991547] raid6: using avx2x2 recovery algorithm
[    4.994444] xor: automatically using best checksumming function   avx       
[    4.997981] async_tx: api initialized (async)
done.
Begin: Running /scripts/init-premount ... done.
Begin: Mounting root file system ... Begin: Running /scripts/local-top ... done.
Begin: Running /scripts/local-premount ... [    5.045923] Btrfs loaded, crc32c=crc32c-intel
Scanning for Btrfs filesystems
done.
Warning: fsck not present, so skipping root file system
[    5.258005] EXT4-fs (sda1): mounted filesystem with ordered data mode. Opts: (null)
done.
Begin: Running /scripts/local-bottom ... done.
Begin: Running /scripts/init-bottom ... done.
[    6.839546] random: crng init done
[    6.842595] random: 7 urandom warning(s) missed due to ratelimiting
[    7.950556] ip_tables: (C) 2000-2006 Netfilter Core Team
[    8.242718] systemd[1]: systemd 237 running in system mode. (+PAM +AUDIT +SELINUX +IMA +APPARMOR +SMACK +SYSVINIT +UTMP +LIBCRYPTSETUP +GCRYPT +GNUTLS +ACL +XZ +LZ4 +SECCOMP +BLKID +ELFUTILS +KMOD -IDN2 +IDN -PCRE2 default-hierarchy=hybrid)
[    8.260049] systemd[1]: Detected virtualization oracle.
[    8.262584] systemd[1]: Detected architecture x86-64.

Welcome to [1mUbuntu 18.04.5 LTS[0m!

[    8.347011] systemd[1]: Set hostname to <ubuntu>.
[    8.496536] systemd[1]: Initializing machine ID from random generator.
[    8.499047] systemd[1]: Installed transient /etc/machine-id file.
[   12.442690] systemd[1]: Reached target System Time Synchronized.
[[0;32m  OK  [0m] Reached target System Time Synchronized.
[   12.448161] systemd[1]: Reached target Swap.
[[0;32m  OK  [0m] Reached target Swap.
[   12.455125] systemd[1]: Created slice System Slice.
[[0;32m  OK  [0m] Created slice System Slice.
[   12.459041] systemd[1]: Listening on udev Kernel Socket.
[[0;32m  OK  [0m] Listening on udev Kernel Socket.
[[0;32m  OK  [0m] Listening on Syslog Socket.
[[0;32m  OK  [0m] Listening on /dev/initctl Compatibility Named Pipe.
[[0;32m  OK  [0m] Listening on Journal Socket (/dev/log).
[[0;32m  OK  [0m] Set up automount Arbitrary Executabâ€¦rmats File System Automount Point.
[[0;32m  OK  [0m] Listening on LVM2 poll daemon socket.
[[0;32m  OK  [0m] Created slice system-serial\x2dgetty.slice.
[[0;32m  OK  [0m] Listening on Network Service Netlink Socket.
[[0;32m  OK  [0m] Started Forward Password Requests to Wall Directory Watch.
[[0;32m  OK  [0m] Listening on udev Control Socket.
[[0;32m  OK  [0m] Listening on Journal Socket.
         Starting Uncomplicated firewall...
         Starting Set the console keyboard layout...
         Mounting Kernel Debug File System...
         Starting Create list of required stâ€¦ce nodes for the current kernel...
         Starting Load Kernel Modules...
         Mounting Huge Pages File System...
[[0;32m  OK  [0m] Listening on Journal Audit Socket.
         Starting Journal Service...
[[0;32m  OK  [0m] Listening on Device-mapper event daemon FIFOs.
         Mounting POSIX Message Queue File System...
[[0;32m  OK  [0m] Created slice User and Session Slice.
[[0;32m  OK  [0m] Reached target Slices.
[[0;32m  OK  [0m] Listening on fsck to fsckd communication Socket.
         Starting File System Check on Root Device...
[[0;32m  OK  [0m] Reached target User and Group Name Lookups.
[[0;32m  OK  [0m] Listening on LVM2 metadata daemon socket.
         Starting Monitoring of LVM2 mirrorsâ€¦ng dmeventd or progress polling...
         Starting udev Coldplug all Devices...
[[0;32m  OK  [0m] Started Uncomplicated firewall.
[[0;32m  OK  [0m] Mounted Kernel Debug File System.
[[0;32m  OK  [0m] Started Create list of required staâ€¦vice nodes for the current kernel.
[[0;32m  OK  [0m] Mounted Huge Pages File System.
[[0;32m  OK  [0m] Mounted POSIX Message Queue File System.
         Starting Create Static Device Nodes in /dev...
[   13.140298] Loading iSCSI transport class v2.0-870.
[[0;32m  OK  [0m] Started File System Check Daemon to report status.
[   13.513575] systemd[1]: Started Journal Service.
[[0;32m  OK  [0m] Started Journal Service.
[   13.723830] iscsi: registered transport (tcp)
[[0;32m  OK  [0m] Started Set the console keyboard layout.
[[0;32m  OK  [0m] Started udev Coldplug all Devices.
[   14.494382] iscsi: registered transport (iser)
[[0;32m  OK  [0m] Started Load Kernel Modules.
         Mounting Kernel Configuration File System...
         Mounting FUSE Control File System...
         Starting Apply Kernel Variables...
[[0;32m  OK  [0m] Mounted Kernel Configuration File System.
[[0;32m  OK  [0m] Mounted FUSE Control File System.
[[0;32m  OK  [0m] Started File System Check on Root Device.
         Starting Remount Root and Kernel File Systems...
[[0;32m  OK  [0m] Started LVM2 metadata daemon.
[   15.017715] EXT4-fs (sda1): re-mounted. Opts: (null)
[[0;32m  OK  [0m] Started Remount Root and Kernel File Systems.
[[0;32m  OK  [0m] Started Create Static Device Nodes in /dev.
         Starting Flush Journal to Persistent Storage...
         Starting udev Kernel Device Manager...
         Starting Load/Save Random Seed...
[   15.159306] systemd-journald[408]: Received request to flush runtime journal from PID 1
[[0;32m  OK  [0m] Started Load/Save Random Seed.
[[0;32m  OK  [0m] Started Monitoring of LVM2 mirrors,â€¦sing dmeventd or progress polling.
[[0;32m  OK  [0m] Reached target Local File Systems (Pre).
[[0;32m  OK  [0m] Reached target Local File Systems.
         Starting Set console font and keymap...
         Starting ebtables ruleset management...
         Starting Tell Plymouth To Write Out Runtime Data...
         Starting AppArmor initialization...
         Starting Commit a transient machine-id on disk...
[[0;32m  OK  [0m] Started Apply Kernel Variables.
[[0;32m  OK  [0m] Started Set console font and keymap.
[[0;32m  OK  [0m] Started Tell Plymouth To Write Out Runtime Data.
[[0;32m  OK  [0m] Started Flush Journal to Persistent Storage.
         Starting Create Volatile Files and Directories...
[[0;32m  OK  [0m] Started Commit a transient machine-id on disk.
[[0;32m  OK  [0m] Started Create Volatile Files and Directories.
         Starting Update UTMP about System Boot/Shutdown...
[[0;32m  OK  [0m] Started udev Kernel Device Manager.
[[0;32m  OK  [0m] Started Dispatch Password Requests to Console Directory Watch.
[[0;32m  OK  [0m] Reached target Local Encrypted Volumes.
[[0;32m  OK  [0m] Started Update UTMP about System Boot/Shutdown.
[[0;32m  OK  [0m] Started ebtables ruleset management.
[[0;32m  OK  [0m] Found device /dev/ttyS0.
[[0;32m  OK  [0m] Listening on Load/Save RF Kill Switch Status /dev/rfkill Watch.
[[0;32m  OK  [0m] Started AppArmor initialization.
         Starting Load AppArmor profiles managed internally by snapd...
         Starting Initial cloud-init job (pre-networking)...
[[0;32m  OK  [0m] Started Load AppArmor profiles managed internally by snapd.
[   35.591546] cloud-init[544]: Cloud-init v. 21.2-3-g899bfaa9-0ubuntu2~18.04.1 running 'init-local' at Wed, 25 Aug 2021 04:41:28 +0000. Up 34.42 seconds.
[[0;32m  OK  [0m] Started Initial cloud-init job (pre-networking).
[[0;32m  OK  [0m] Reached target Network (Pre).
         Starting Network Service...
[[0;32m  OK  [0m] Started Network Service.
         Starting Wait for Network to be Configured...
         Starting Network Name Resolution...
[[0;32m  OK  [0m] Started Network Name Resolution.
[[0;32m  OK  [0m] Reached target Network.
[[0;32m  OK  [0m] Reached target Host and Network Name Lookups.
[[0;32m  OK  [0m] Started Wait for Network to be Configured.
         Starting Initial cloud-init job (metadata service crawler)...
[   38.853126] cloud-init[682]: Cloud-init v. 21.2-3-g899bfaa9-0ubuntu2~18.04.1 running 'init' at Wed, 25 Aug 2021 04:41:32 +0000. Up 38.50 seconds.
[   38.855536] cloud-init[682]: ci-info: ++++++++++++++++++++++++++++++++++++++Net device info++++++++++++++++++++++++++++++++++++++
[   38.857324] cloud-init[682]: ci-info: +--------+------+----------------------------+---------------+--------+-------------------+
[   38.859584] cloud-init[682]: ci-info: | Device |  Up  |          Address           |      Mask     | Scope  |     Hw-Address    |
[   38.862385] cloud-init[682]: ci-info: +--------+------+----------------------------+---------------+--------+-------------------+
[   38.865038] cloud-init[682]: ci-info: | enp0s3 | True |         10.0.2.15          | 255.255.255.0 | global | 02:25:dc:f2:e3:81 |
[   38.867076] cloud-init[682]: ci-info: | enp0s3 | True | fe80::25:dcff:fef2:e381/64 |       .       |  link  | 02:25:dc:f2:e3:81 |
[   38.869158] cloud-init[682]: ci-info: |   lo   | True |         127.0.0.1          |   255.0.0.0   |  host  |         .         |
[   38.871245] cloud-init[682]: ci-info: |   lo   | True |          ::1/128           |       .       |  host  |         .         |
[   38.873225] cloud-init[682]: ci-info: +--------+------+----------------------------+---------------+--------+-------------------+
[   38.875253] cloud-init[682]: ci-info: ++++++++++++++++++++++++++++Route IPv4 info+++++++++++++++++++++++++++++
[   38.877093] cloud-init[682]: ci-info: +-------+-------------+----------+-----------------+-----------+-------+
[   38.878853] cloud-init[682]: ci-info: | Route | Destination | Gateway  |     Genmask     | Interface | Flags |
[   38.880680] cloud-init[682]: ci-info: +-------+-------------+----------+-----------------+-----------+-------+
[   38.882298] cloud-init[682]: ci-info: |   0   |   0.0.0.0   | 10.0.2.2 |     0.0.0.0     |   enp0s3  |   UG  |
[   38.884945] cloud-init[682]: ci-info: |   1   |   10.0.2.0  | 0.0.0.0  |  255.255.255.0  |   enp0s3  |   U   |
[   38.886774] cloud-init[682]: ci-info: |   2   |   10.0.2.2  | 0.0.0.0  | 255.255.255.255 |   enp0s3  |   UH  |
[   38.888700] cloud-init[682]: ci-info: +-------+-------------+----------+-----------------+-----------+-------+
[   38.891400] cloud-init[682]: ci-info: +++++++++++++++++++Route IPv6 info+++++++++++++++++++
[   38.892986] cloud-init[682]: ci-info: +-------+-------------+---------+-----------+-------+
[   38.894509] cloud-init[682]: ci-info: | Route | Destination | Gateway | Interface | Flags |
[   38.895834] cloud-init[682]: ci-info: +-------+-------------+---------+-----------+-------+
[   38.908252] cloud-init[682]: ci-info: |   1   |  fe80::/64  |    ::   |   enp0s3  |   U   |
[   38.910107] cloud-init[682]: ci-info: |   3   |    local    |    ::   |   enp0s3  |   U   |
[   38.911696] cloud-init[682]: ci-info: |   4   |   ff00::/8  |    ::   |   enp0s3  |   U   |
[   38.913128] cloud-init[682]: ci-info: +-------+-------------+---------+-----------+-------+
[   42.558965] cloud-init[682]: Generating public/private rsa key pair.
[   42.560467] cloud-init[682]: Your identification has been saved in /etc/ssh/ssh_host_rsa_key.
[   42.562337] cloud-init[682]: Your public key has been saved in /etc/ssh/ssh_host_rsa_key.pub.
[   42.564211] cloud-init[682]: The key fingerprint is:
[   42.565362] cloud-init[682]: SHA256:7JTUaxX/Fpgz3fBOPQLBOBGOwZY0CE7+v1HlLZaxrME root@ubuntu-bionic
[   42.567789] cloud-init[682]: The key's randomart image is:
[   42.569011] cloud-init[682]: +---[RSA 2048]----+
[   42.570672] cloud-init[682]: |   o. ++.o=oo .  |
[   42.571993] cloud-init[682]: |  +  . +=+ ..o+oo|
[   42.573874] cloud-init[682]: |   o  ....oo.*.+=|
[   42.585834] cloud-init[682]: |    .  o..+o= ++o|
[   42.587923] cloud-init[682]: |     .  SEoB .  +|
[   42.589612] cloud-init[682]: |      .o..+ .  . |
[   42.591307] cloud-init[682]: |       o..       |
[   42.592767] cloud-init[682]: |        o        |
[   42.595120] cloud-init[682]: |       .         |
[   42.596584] cloud-init[682]: +----[SHA256]-----+
[   42.597794] cloud-init[682]: Generating public/private dsa key pair.
[   42.599956] cloud-init[682]: Your identification has been saved in /etc/ssh/ssh_host_dsa_key.
[   42.601771] cloud-init[682]: Your public key has been saved in /etc/ssh/ssh_host_dsa_key.pub.
[   42.604615] cloud-init[682]: The key fingerprint is:
[   42.605665] cloud-init[682]: SHA256:tfMsjeh//B2PP03GVN+vhpPn9mLX75c6Nm2JR5ey+rg root@ubuntu-bionic
[   42.608598] cloud-init[682]: The key's randomart image is:
[   42.610816] cloud-init[682]: +---[DSA 1024]----+
[   42.620322] cloud-init[682]: |                 |
[   42.621396] cloud-init[682]: |                .|
[   42.632271] cloud-init[682]: |          .     +|
[   42.634083] cloud-init[682]: |         . .    +|[[0;32m  OK  [0m] Started Initial cloud-init job (metadata service crawler).
[[0;32m  OK  [0m] Reached target Network is Online.

[   42.638531] cloud-init[682]: |        S o    oo|
[   42.639421] cloud-init[682]: |         . * . o*|
[   42.640746] cloud-init[682]: |        . o.+o*=*|
[   42.642014] cloud-init[682]: |       .   .B*BXB|
[   42.643265] cloud-init[682]: |        ...E=@X*@|
[   42.644562] cloud-init[682]: +----[SHA256]-----+
[   42.645842] cloud-init[682]: Generating public/private ecdsa key pair.
[   42.647239] cloud-init[682]: Your identification has been saved in /etc/ssh/ssh_host_ecdsa_key.
[   42.649313] cloud-init[682]:          Starting Availability of block devices...
[[0;32m  OK  [0m] Reached target Remote File Systems (Pre).
[[0;32m  OK  [0m] Reached target Remote File Systems.
[[0;32m  OK  [0m] Reached target System Initialization.
[[0;32m  OK  [0mYour public key has been saved in /etc/ssh/ssh_host_ecdsa_key.pub.
[   42.657437] cloud-init[682]: The key fingerprint is:
[   42.658652] cloud-init[682]: SHA256:q3pCfOijz71ox/5BwqT42sMaKmdKpcgZM7x9iPdtdRI root@ubuntu-bionic] Listening on Open-iSCSI iscsid Socket.
[[0;32m  OK  [0m] Started Daily Cleanup of Temporary Directories.
[[0;32m  OK  [0m] Started Ubuntu Advantage update messaging.
[[0;32m  OK  [0m] 
Started Message of the Day.[   42.664921] cloud-init[682]: The key's randomart image is:
[   42.665362] cloud-init[682]: +---[ECDSA 256]---+
[   42.665699] cloud-init[682]: |                 |
[   42.666194] cloud-init[682]: |                 |
[   42.666828] cloud-init[682]: |      .          |

[   42.667097] cloud-init[682]: |.  . +   E       |
[   42.670182] cloud-init[682]: | =.o..o S .      |
[   42.671183] cloud-init[682]: |o @.= .o + .     |
[   42.672185] cloud-init[682]: |.B.B.+  + o      |
[   42.673190] cloud-init[682]: |o.+=Xo=o .       |
[   42.674118] cloud-init[682]: |+++=*X*+.        |
[   42.674978] cloud-init[682]: +----[SHA256]-----+
[   42.684736] cloud-init[682]: Generating public/private ed25519 key pair.
[   42.686158] cloud-init[682]: Your identification has been saved in /etc/ssh/ssh_host_ed25519_key.
[   42.687993] cloud-init[682]: Your public key has been saved in /etc/ssh/ssh_host_ed25519_key.pub.
[   42.689897] cloud-init[682]: The key fingerprint is:
[   42.691022] cloud-init[682]: SHA256:NgCCzqSmWjotU85IosQn76LlwDjytYRyMGJOAMclfkE root@ubuntu-bionic
         [   42.704308] cloud-init[682]: The key's randomart image is:
[   42.704481] cloud-init[682]: +--[ED25519 256]--+
[   42.705178] cloud-init[682]: |.o+oE            |
[   42.705839] cloud-init[682]: |o+.o o           |
Starting LXD - unix socket.
[   42.706198] cloud-init[682]: |* . . .          |
[   42.708937] cloud-init[682]: |o+ .   .         |
[[   42.709733] cloud-init[682]: |Bo      S        |
[   42.709827] cloud-init[682]: |XBoo   . .       |
[   42.710334] cloud-init[682]: |%@B o            |
[   42.710850] cloud-init[682]: |XX++ .           |
[   42.711424] cloud-init[682]: |o+=..            |
[   42.711964] cloud-init[682]: +----[SHA256]-----+
[0;32m  OK  [0m] Started Discard unused blocks once a week.
[[0;32m  OK  [0m] Listening on ACPID Listen Socket.
[[0;32m  OK  [0m] Listening on D-Bus System Message Bus Socket.
[[0;32m  OK  [0m] Listening on UUID daemon activation socket.
[[0;32m  OK  [0m] Started Daily apt download activities.
[[0;32m  OK  [0m] Started Daily apt upgrade and clean activities.
[[0;32m  OK  [0m] Reached target Timers.
         Starting Socket activation for snappy daemon.
[[0;32m  OK  [0m] Started ACPI Events Check.
[[0;32m  OK  [0m] Reached target Paths.
[[0;32m  OK  [0m] Reached target Cloud-config availability.
[[0;32m  OK  [0m] Started Availability of block devices.
[[0;32m  OK  [0m] Listening on LXD - unix socket.
[[0;32m  OK  [0m] Listening on Socket activation for snappy daemon.
[[0;32m  OK  [0m] Reached target Sockets.
[[0;32m  OK  [0m] Reached target Basic System.
         Starting LSB: automatic crash report generation...
         Starting LSB: Record successful boot for GRUB...
         Starting System Logging Service...
[[0;32m  OK  [0m] Started D-Bus System Message Bus.
         Starting Permit User Sessions...
         Starting Pollinate to seed the pseudo random number generator...
[[0;32m  OK  [0m] Started Regular background program processing daemon.
         Starting Login Service...
         Starting Virtualbox guest utils...
[[0;32m  OK  [0m] Started Deferred execution scheduler.
         Starting Snap Daemon...
         Starting Dispatcher daemon for systemd-networkd...
         Starting Accounts Service...
[[0;32m  OK  [0m] Started FUSE filesystem for LXC.
[[0;32m  OK  [0m] Started irqbalance daemon.
         Starting LXD - container startup/shutdown...
[[0;32m  OK  [0m] Started System Logging Service.
[[0;32m  OK  [0m] Started Permit User Sessions.
         Starting Terminate Plymouth Boot Screen...
         Starting Hold until boot process finishes up...
[[0;32m  OK  [0m] Started Hold until boot process finishes up.
[[0;32m  OK  [0m] Started Terminate Plymouth Boot Screen.
         Starting Set console scheme...
[[0;32m  OK  [0m] Started Serial Getty on ttyS0.
[[0;32m  OK  [0m] Started Login Service.
[[0;32m  OK  [0m] Started Unattended Upgrades Shutdown.
[[0;32m  OK  [0m] Started Set console scheme.
[[0;32m  OK  [0m] Created slice system-getty.slice.
[[0;32m  OK  [0m] Started Getty on tty1.
[[0;32m  OK  [0m] Reached target Login Prompts.
[[0;32m  OK  [0m] Started LSB: automatic crash report generation.
         Starting Authorization Manager...
[[0;32m  OK  [0m] Started LSB: Record successful boot for GRUB.
[[0;32m  OK  [0m] Started Virtualbox guest utils.
[[0;32m  OK  [0m] Started Authorization Manager.
[[0;32m  OK  [0m] Started Accounts Service.
[[0;32m  OK  [0m] Started Dispatcher daemon for systemd-networkd.
[[0;32m  OK  [0m] Started LXD - container startup/shutdown.
[[0;32m  OK  [0m] Started Snap Daemon.
         Starting Wait until snapd is fully seeded...
[[0;32m  OK  [0m] Started Pollinate to seed the pseudo random number generator.
         Starting OpenBSD Secure Shell server...

Ubuntu 18.04.5 LTS ubuntu-bionic ttyS0

ubuntu-bionic login: [   53.156133] cloud-init[1309]: Cloud-init v. 21.2-3-g899bfaa9-0ubuntu2~18.04.1 running 'modules:config' at Wed, 25 Aug 2021 04:41:42 +0000. Up 49.29 seconds.
ci-info: no authorized SSH keys fingerprints found for user ubuntu.
<14>Aug 25 04:41:47 cloud-init: #############################################################
<14>Aug 25 04:41:47 cloud-init: -----BEGIN SSH HOST KEY FINGERPRINTS-----
<14>Aug 25 04:41:47 cloud-init: 1024 SHA256:tfMsjeh//B2PP03GVN+vhpPn9mLX75c6Nm2JR5ey+rg root@ubuntu-bionic (DSA)
<14>Aug 25 04:41:47 cloud-init: 256 SHA256:q3pCfOijz71ox/5BwqT42sMaKmdKpcgZM7x9iPdtdRI root@ubuntu-bionic (ECDSA)
<14>Aug 25 04:41:47 cloud-init: 256 SHA256:NgCCzqSmWjotU85IosQn76LlwDjytYRyMGJOAMclfkE root@ubuntu-bionic (ED25519)
<14>Aug 25 04:41:47 cloud-init: 2048 SHA256:7JTUaxX/Fpgz3fBOPQLBOBGOwZY0CE7+v1HlLZaxrME root@ubuntu-bionic (RSA)
<14>Aug 25 04:41:47 cloud-init: -----END SSH HOST KEY FINGERPRINTS-----
<14>Aug 25 04:41:47 cloud-init: #############################################################
-----BEGIN SSH HOST KEY KEYS-----
ecdsa-sha2-nistp256 AAAAE2VjZHNhLXNoYTItbmlzdHAyNTYAAAAIbmlzdHAyNTYAAABBBHJ+qMZvcl6Wa3BEYnzYTSNoAwpmifeR/jByxfI2dHc4rGiLN/Wkw8ArQ/3Bj5xyiv7zg+LDUE1HJx/4eXWucUk= root@ubuntu-bionic
ssh-ed25519 AAAAC3NzaC1lZDI1NTE5AAAAIPT1rDncxpJq91W+rct6CGGIdfdujQQJM2NTBRBPsvz3 root@ubuntu-bionic
ssh-rsa AAAAB3NzaC1yc2EAAAADAQABAAABAQDNcNQ9tepasIZEAhitrlp+8FO00MNJlQyX5ckyq8tNIxIv8bSnC/kjYlY/qW8nYG8yi8D98WDPGYQGJxW9J64CchzCKNZyz0mMVx1fr109bYcwkOdZg/bwURseK8qKFMasQwulJlzGkTD00jzfAY+lMZXVICX3Pnz7XEm5CgD1qk8O6OBE2u/qGq5+fuXhLZbOJgakvk80Nt0cS3zSSsNDqRg1/yxTnmsJxC9ax49JmZqZpJ8ZA9m5cjy3KaXJVu9K2QkDoDCdRF+6BKQW+84tgjayuEcRGF8nIrGxpK0yRScDsP3i0Mayh4crcaSAybBdQiJU7vlE6wyevXtkQqet root@ubuntu-bionic
-----END SSH HOST KEY KEYS-----
[   54.196336] cloud-init[1451]: Cloud-init v. 21.2-3-g899bfaa9-0ubuntu2~18.04.1 running 'modules:final' at Wed, 25 Aug 2021 04:41:47 +0000. Up 53.73 seconds.
[   54.196421] cloud-init[1451]: ci-info: no authorized SSH keys fingerprints found for user ubuntu.
[   54.196848] cloud-init[1451]: Cloud-init v. 21.2-3-g899bfaa9-0ubuntu2~18.04.1 finished at Wed, 25 Aug 2021 04:41:47 +0000. Datasource DataSourceNoCloud [seed=/dev/sdb][dsmode=net].  Up 54.18 seconds
